digraph {
	graph [fontname=Arial, nodesep=0.125, ranksep=0.25];
	node [fontcolor=white, fontname=Arial, height=0, shape=box, style=filled, width=0];
	edge [fontname=Arial];
	1 [color="#ff0100", fontcolor="#ffffff", fontsize="10.00", label="/usr/lib/python2.5/test/pystone.py:33:<module>\n99.89%\n(0.02%)\n1×"];
	1 -> 18 [arrowsize="1.00", color="#ff0100", fontcolor="#ff0100", fontsize="10.00", label="99.87%\n1×", labeldistance="3.99", penwidth="3.99"];
	2 [color="#ff0000", fontcolor="#ffffff", fontsize="10.00", label="~:0:<execfile>\n100.00%\n(0.11%)\n1×"];
	2 -> 1 [arrowsize="1.00", color="#ff0100", fontcolor="#ff0100", fontsize="10.00", label="99.89%\n1×", labeldistance="4.00", penwidth="4.00"];
	3 [color="#ff0000", fontcolor="#ffffff", fontsize="10.00", label="<string>:1:<module>\n100.00%\n(0.00%)\n1×"];
	3 -> 2 [arrowsize="1.00", color="#ff0000", fontcolor="#ff0000", fontsize="10.00", label="100.00%\n1×", labeldistance="4.00", penwidth="4.00"];
	4 [color="#0d397f", fontcolor="#ffffff", fontsize="10.00", label="/usr/lib/python2.5/test/pystone.py:208:Proc8\n9.68%\n(7.57%)\n50000×"];
	4 -> 14 [arrowsize="0.35", color="#0d1675", fontcolor="#0d1675", fontsize="10.00", label="2.11%\n50000×", labeldistance="0.50", penwidth="0.50"];
	5 [color="#ff0100", fontcolor="#ffffff", fontsize="10.00", label="/usr/lib/python2.5/test/pystone.py:79:Proc0\n99.86%\n(29.86%)\n1×"];
	5 -> 4 [arrowsize="0.35", color="#0d397f", fontcolor="#0d397f", fontsize="10.00", label="9.68%\n50000×", labeldistance="0.50", penwidth="0.50"];
	5 -> 6 [arrowsize="0.59", color="#0ba067", fontcolor="#0ba067", fontsize="10.00", label="34.56%\n50000×", labeldistance="1.38", penwidth="1.38"];
	5 -> 7 [arrowsize="0.35", color="#0d1976", fontcolor="#0d1976", fontsize="10.00", label="2.80%\n100000×", labeldistance="0.50", penwidth="0.50"];
	5 -> 10 [arrowsize="0.35", color="#0d1976", fontcolor="#0d1976", fontsize="10.00", label="2.81%\n50000×", labeldistance="0.50", penwidth="0.50"];
	5 -> 12 [arrowsize="0.35", color="#0d1b77", fontcolor="#0d1b77", fontsize="10.00", label="3.26%\n100000×", labeldistance="0.50", penwidth="0.50"];
	5 -> 13 [arrowsize="0.35", color="#0d1575", fontcolor="#0d1575", fontsize="10.00", label="2.03%\n50000×", labeldistance="0.50", penwidth="0.50"];
	5 -> 20 [arrowsize="0.35", color="#0d1575", fontcolor="#0d1575", fontsize="10.00", label="1.89%\n50000×", labeldistance="0.50", penwidth="0.50"];
	5 -> 22 [arrowsize="0.35", color="#0d1475", fontcolor="#0d1475", fontsize="10.00", label="1.79%\n50000×", labeldistance="0.50", penwidth="0.50"];
	5 -> 24 [arrowsize="0.35", color="#0d2e7c", fontcolor="#0d2e7c", fontsize="10.00", label="7.40%\n50000×", labeldistance="0.50", penwidth="0.50"];
	5 -> 25 [arrowsize="0.35", color="#0d1d78", fontcolor="#0d1d78", fontsize="10.00", label="3.73%\n100000×", labeldistance="0.50", penwidth="0.50"];
	6 [color="#0ba067", fontcolor="#ffffff", fontsize="10.00", label="/usr/lib/python2.5/test/pystone.py:133:Proc1\n34.56%\n(13.10%)\n50000×"];
	6 -> 9 [arrowsize="0.35", color="#0d277a", fontcolor="#0d277a", fontsize="10.00", label="5.95%\n50000×", labeldistance="0.50", penwidth="0.50"];
	6 -> 16 [arrowsize="0.35", color="#0d2f7d", fontcolor="#0d2f7d", fontsize="10.00", label="7.70%\n50000×", labeldistance="0.50", penwidth="0.50"];
	6 -> 17 [arrowsize="0.35", color="#0d287b", fontcolor="#0d287b", fontsize="10.00", label="6.12%\n50000×", labeldistance="0.50", penwidth="0.50"];
	6 -> 22 [arrowsize="0.35", color="#0d1475", fontcolor="#0d1475", fontsize="10.00", label="1.68%\n50000×", labeldistance="0.50", penwidth="0.50"];
	7 [color="#0d1976", fontcolor="#ffffff", fontsize="10.00", label="~:0:<ord>\n2.80%\n(2.80%)\n100000×"];
	8 [color="#0d1475", fontcolor="#ffffff", fontsize="10.00", label="/usr/lib/python2.5/test/pystone.py:246:Func3\n1.74%\n(1.74%)\n50000×"];
	9 [color="#0d277a", fontcolor="#ffffff", fontsize="10.00", label="/usr/lib/python2.5/test/pystone.py:184:Proc6\n5.95%\n(4.21%)\n50000×"];
	9 -> 8 [arrowsize="0.35", color="#0d1475", fontcolor="#0d1475", fontsize="10.00", label="1.74%\n50000×", labeldistance="0.50", penwidth="0.50"];
	10 [color="#0d1976", fontcolor="#ffffff", fontsize="10.00", label="/usr/lib/python2.5/test/pystone.py:149:Proc2\n2.81%\n(2.81%)\n50000×"];
	12 [color="#0d1b77", fontcolor="#ffffff", fontsize="10.00", label="~:0:<chr>\n3.26%\n(3.26%)\n100000×"];
	13 [color="#0d1575", fontcolor="#ffffff", fontsize="10.00", label="/usr/lib/python2.5/test/pystone.py:170:Proc4\n2.03%\n(2.03%)\n50000×"];
	14 [color="#0d1676", fontcolor="#ffffff", fontsize="10.00", label="~:0:<range>\n2.17%\n(2.17%)\n50003×"];
	15 [color="#0d1876", fontcolor="#ffffff", fontsize="10.00", label="/usr/lib/python2.5/test/pystone.py:45:__init__\n2.63%\n(2.63%)\n50002×"];
	16 [color="#0d2f7d", fontcolor="#ffffff", fontsize="10.00", label="/usr/lib/python2.5/test/pystone.py:53:copy\n7.70%\n(5.07%)\n50000×"];
	16 -> 15 [arrowsize="0.35", color="#0d1876", fontcolor="#0d1876", fontsize="10.00", label="2.63%\n50000×", labeldistance="0.50", penwidth="0.50"];
	17 [color="#0d287b", fontcolor="#ffffff", fontsize="10.00", label="/usr/lib/python2.5/test/pystone.py:160:Proc3\n6.12%\n(4.24%)\n50000×"];
	17 -> 22 [arrowsize="0.35", color="#0d1575", fontcolor="#0d1575", fontsize="10.00", label="1.88%\n50000×", labeldistance="0.50", penwidth="0.50"];
	18 [color="#ff0100", fontcolor="#ffffff", fontsize="10.00", label="/usr/lib/python2.5/test/pystone.py:60:main\n99.87%\n(0.01%)\n1×"];
	18 -> 19 [arrowsize="1.00", color="#ff0100", fontcolor="#ff0100", fontsize="10.00", label="99.86%\n1×", labeldistance="3.99", penwidth="3.99"];
	19 [color="#ff0100", fontcolor="#ffffff", fontsize="10.00", label="/usr/lib/python2.5/test/pystone.py:67:pystones\n99.86%\n(0.00%)\n1×"];
	19 -> 5 [arrowsize="1.00", color="#ff0100", fontcolor="#ff0100", fontsize="10.00", label="99.86%\n1×", labeldistance="3.99", penwidth="3.99"];
	20 [color="#0d1575", fontcolor="#ffffff", fontsize="10.00", label="/usr/lib/python2.5/test/pystone.py:177:Proc5\n1.89%\n(1.89%)\n50000×"];
	22 [color="#0d247a", fontcolor="#ffffff", fontsize="10.00", label="/usr/lib/python2.5/test/pystone.py:203:Proc7\n5.35%\n(5.35%)\n150000×"];
	24 [color="#0d2e7c", fontcolor="#ffffff", fontsize="10.00", label="/usr/lib/python2.5/test/pystone.py:229:Func2\n7.40%\n(5.56%)\n50000×"];
	24 -> 25 [arrowsize="0.35", color="#0d1475", fontcolor="#0d1475", fontsize="10.00", label="1.84%\n50000×", labeldistance="0.50", penwidth="0.50"];
	25 [color="#0d257a", fontcolor="#ffffff", fontsize="10.00", label="/usr/lib/python2.5/test/pystone.py:221:Func1\n5.57%\n(5.57%)\n150000×"];
}
